.\gradlew : The message received from the daemon indicates that the daemon has disappeared.
At line:1 char:1
+ .\gradlew compileDebugKotlin > compile_errors.txt 2>&1
+ ~~~~~~~~~~~~~~~~~~~~~~~~~~~~~~~~~~~~~~~~~~~~~~~~~~~~~~
    + CategoryInfo          : NotSpecified: (The message rec...as disappeared.:String) [], RemoteException
    + FullyQualifiedErrorId : NativeCommandError
 
Build request sent: Build{id=54412f23-d40d-4938-bc99-b5deab91b554, currentDir=D:\AndroidProject\QuizBattleApp}
Attempting to read last messages from the daemon log...
Daemon pid: 9584
  log file: D:\.gradle\daemon\8.13\daemon-9584.out.log
----- Last 20 lines from daemon log file - daemon-9584.out.log -----
2026-05-14T06:48:24.264+0700 [DEBUG] [org.gradle.launcher.daemon.server.SynchronizedDispatchConnection] thread 187: 
received class org.gradle.launcher.daemon.protocol.Build
2026-05-14T06:48:24.265+0700 [DEBUG] [org.gradle.launcher.daemon.server.DefaultDaemonConnection] thread 187: Received 
non-IO message from client: Build{id=54412f23-d40d-4938-bc99-b5deab91b554, currentDir=D:\AndroidProject\QuizBattleApp}
2026-05-14T06:48:24.265+0700 [INFO] [org.gradle.launcher.daemon.server.DefaultIncomingConnectionHandler] Received 
command: Build{id=54412f23-d40d-4938-bc99-b5deab91b554, currentDir=D:\AndroidProject\QuizBattleApp}.
2026-05-14T06:48:24.265+0700 [DEBUG] [org.gradle.launcher.daemon.server.DefaultIncomingConnectionHandler] Starting 
executing command: Build{id=54412f23-d40d-4938-bc99-b5deab91b554, currentDir=D:\AndroidProject\QuizBattleApp} with 
connection: socket connection from /127.0.0.1:64545 to /127.0.0.1:50545.
2026-05-14T06:48:24.265+0700 [DEBUG] [org.gradle.launcher.daemon.server.DaemonStateCoordinator] Command execution: 
started DaemonCommandExecution[command = Build{id=54412f23-d40d-4938-bc99-b5deab91b554, 
currentDir=D:\AndroidProject\QuizBattleApp}, connection = DefaultDaemonConnection: socket connection from 
/127.0.0.1:64545 to /127.0.0.1:50545] after 0.9734166666666667 minutes of idle
2026-05-14T06:48:24.266+0700 [INFO] [org.gradle.launcher.daemon.server.DaemonRegistryUpdater] Marking the daemon as 
busy, address: [51a52675-80f1-40d7-af37-01116adfbf89 port:64545, addresses:[localhost/127.0.0.1]]
2026-05-14T06:48:24.266+0700 [DEBUG] [org.gradle.launcher.daemon.registry.PersistentDaemonRegistry] Marking busy by 
address: [51a52675-80f1-40d7-af37-01116adfbf89 port:64545, addresses:[localhost/127.0.0.1]]
2026-05-14T06:48:24.266+0700 [DEBUG] [org.gradle.cache.internal.DefaultFileLockManager] Waiting to acquire exclusive 
lock on daemon addresses registry.
2026-05-14T06:48:24.267+0700 [DEBUG] [org.gradle.cache.internal.DefaultFileLockManager] Lock acquired on daemon 
addresses registry.
2026-05-14T06:48:24.268+0700 [DEBUG] [org.gradle.cache.internal.DefaultFileLockManager] Releasing lock on daemon 
addresses registry.
2026-05-14T06:48:24.269+0700 [DEBUG] [org.gradle.launcher.daemon.server.DaemonStateCoordinator] resetting idle timer
2026-05-14T06:48:24.271+0700 [DEBUG] [org.gradle.launcher.daemon.server.DaemonStateCoordinator] daemon is running. 
Sleeping until state changes.
2026-05-14T06:48:24.272+0700 [INFO] [org.gradle.launcher.daemon.server.exec.StartBuildOrRespondWithBusy] Daemon is 
about to start building Build{id=54412f23-d40d-4938-bc99-b5deab91b554, currentDir=D:\AndroidProject\QuizBattleApp}. 
Dispatching build started information...
2026-05-14T06:48:24.272+0700 [DEBUG] [org.gradle.launcher.daemon.server.SynchronizedDispatchConnection] thread 32: 
dispatching org.gradle.launcher.daemon.protocol.BuildStarted@4ed68e95
2026-05-14T06:48:24.275+0700 [DEBUG] [org.gradle.launcher.daemon.server.exec.EstablishBuildEnvironment] Configuring 
env variables: [configsetroot, USERDOMAIN_ROAMINGPROFILE, Nginx, ANTIGRAVITY_EDITOR_APP_ROOT, PROCESSOR_LEVEL, 
POSTGIS_GDAL_ENABLED_DRIVERS, SESSIONNAME, ALLUSERSPROFILE, GDAL_DATA, PROCESSOR_ARCHITECTURE, ANDROID_HOME, 
PSModulePath, VSCODE_PID, SystemDrive, APPDIR_PATH, PT8HOME, POSTGIS_ENABLE_OUTDB_RASTERS, DIRNAME, USERNAME, 
ProgramFiles(x86), VSCODE_NLS_CONFIG, CHROME_CRASHPAD_PIPE_NAME, FPS_BROWSER_USER_PROFILE_STRING, APP_HOME, 
DEFAULT_JVM_OPTS, PATHEXT, DriverData, PROJ_LIB, GOPATH, PyCharm Community Edition, VSCODE_CODE_CACHE_PATH, 
ProgramData, ProgramW6432, HOMEPATH, EFC_5540, PROCESSOR_IDENTIFIER, kotlinc, ProgramFiles, PUBLIC, windir, 
C_EM64T_REDIST11, ZES_ENABLE_SYSMAN, LOCALAPPDATA, USERDOMAIN, FPS_BROWSER_APP_PROFILE_STRING, LOGONSERVER, JAVA_HOME, 
PROMPT, ANTIGRAVITY_TRAJECTORY_ID, OneDrive, APPDATA, GRADLE_USER_HOME, JAVA_EXE, CommonProgramFiles, Path, 
VSCODE_CWD, OS, COMPUTERNAME, PROCESSOR_REVISION, CLASSPATH, CommonProgramW6432, ComSpec, APP_BASE_NAME, =D:, 
SystemRoot, TEMP, HOMEDRIVE, USERPROFILE, TMP, VS110COMNTOOLS, CommonProgramFiles(x86), NUMBER_OF_PROCESSORS, 
ANTIGRAVITY_AGENT, VSCODE_IPC_HOOK]
2026-05-14T06:48:24.278+0700 [DEBUG] [org.gradle.launcher.daemon.server.exec.LogToClient] About to start relaying all 
logs to the client via the connection.
2026-05-14T06:48:24.278+0700 [INFO] [org.gradle.launcher.daemon.server.exec.LogToClient] The client will now receive 
all logging from the daemon (pid: 9584). The daemon log file: D:\.gradle\daemon\8.13\daemon-9584.out.log
2026-05-14T06:48:24.283+0700 [INFO] [org.gradle.launcher.daemon.server.exec.LogAndCheckHealth] Starting 4th build in 
daemon [uptime: 4 mins 26.827 secs, performance: 100%, GC rate: 0.00/s, heap usage: 0% of 2 GiB]
2026-05-14T06:48:24.287+0700 [DEBUG] [org.gradle.launcher.daemon.server.exec.ExecuteBuild] The daemon has started 
executing the build.
2026-05-14T06:48:24.287+0700 [DEBUG] [org.gradle.launcher.daemon.server.exec.ExecuteBuild] Executing build with daemon 
context: DefaultDaemonContext[uid=32973a58-50a6-413a-81f1-882b64726e16,javaHome=C:\Program 
Files\Java\jdk-23,javaVersion=23,javaVendor=Oracle Corporation,daemonRegistryDir=D:\.gradle\daemon,pid=9584,idleTimeout
=10800000,priority=NORMAL,applyInstrumentationAgent=true,nativeServicesMode=ENABLED,daemonOpts=-Xmx2048m,-Dfile.encodin
g=UTF-8,-Duser.country=US,-Duser.language=en,-Duser.variant]----- End of the daemon log -----

JVM crash log found: file:///D:/AndroidProject/QuizBattleApp/hs_err_pid9584.log

FAILURE: Build failed with an exception.

* What went wrong:
Gradle build daemon disappeared unexpectedly (it may have been killed or may have crashed)

* Try:
> Run with --stacktrace option to get the stack trace.
> Run with --info or --debug option to get more log output.
> Run with --scan to get full insights.
> Get more help at https://help.gradle.org.
